---
source: src/collapsed/mod.rs
assertion_line: 204
expression: "Ast::parse(&text).unwrap().transform(&specs()).unwrap().transform()"
input_file: examples/empty.ast

---
Ok(
    Ast {
        nodes: NamedSet(
            {},
        ),
        cyclic: [],
    },
)
