---
source: src/ast/raw.rs
assertion_line: 446
expression: "Ast::parse(&text)"
input_file: examples/empty.ast

---
Ok(
    Ast(
        NamedSet(
            {},
        ),
    ),
)
